[realtime] cycle start | sources=56
[changed] usgs 1/1 ok | 67.99 ms -> realtime | usgs.json | 9.08 KB
[changed] usgs_day 1/1 ok | 43.67 ms -> realtime | usgs_day.json | 9.84 KB
[changed] emsc 1/1 ok | 2577.71 ms -> realtime | emsc.json | 10.05 KB
[failed] iris 0/1 ok | 0.0 ms -> realtime | iris.json | 0.48 KB
[changed] geonet_nz 1/1 ok | 452.03 ms -> realtime | geonet_nz.json | 9.73 KB
[changed] geofon 1/1 ok | 1096.45 ms -> realtime | geofon.json | 8.83 KB
[changed] raspberryshake 1/1 ok | 1142.77 ms -> realtime | raspberryshake.json | 8.87 KB
[changed] noaabuoys 1/1 ok | 175.03 ms -> realtime | noaabuoys.json | 8.81 KB
[changed] usgs_water 1/1 ok | 200.69 ms -> realtime | usgs_water.json | 9.88 KB
[changed] ioc_sealevel 1/1 ok | 1241.58 ms -> realtime | ioc_sealevel.json | 9.23 KB
[changed] goes_xray 1/1 ok | 182.4 ms -> realtime | goes_xray.json | 9.37 KB
[changed] goes_mag 1/1 ok | 62.49 ms -> realtime | goes_mag.json | 9.47 KB
[changed] swpc_kindex 1/1 ok | 32.88 ms -> realtime | swpc_kindex.json | 9.97 KB
[failed] swpc_solarwind 0/1 ok | 0.0 ms -> realtime | swpc_solarwind.json | 0.48 KB
[changed] reversebeaconnetwork 1/1 ok | 468.8 ms -> realtime | reversebeaconnetwork.json | 9.74 KB
[failed] wsprnet 0/1 ok | 0.0 ms -> realtime | wsprnet.json | 0.46 KB
[failed] pskreporter 0/1 ok | 0.0 ms -> realtime | pskreporter.json | 0.46 KB
[changed] aprsfi 1/1 ok | 229.01 ms -> realtime | aprsfi.json | 4.21 KB
[changed] opensky 1/1 ok | 897.69 ms -> realtime | opensky.json | 9.13 KB
[changed] adsbexchange 1/1 ok | 86.34 ms -> realtime | adsbexchange.json | 8.77 KB
[changed] celestrak 1/1 ok | 530.43 ms -> realtime | celestrak.json | 9.58 KB
[changed] satnogs 1/1 ok | 2568.38 ms -> realtime | satnogs.json | 9.65 KB
[changed] noaa_alerts 1/1 ok | 79.73 ms -> official | noaa_alerts.json | 9.24 KB
[changed] nhc_advisories 1/1 ok | 228.51 ms -> official | nhc_advisories.json | 0.73 KB
[changed] gdacs_alerts 1/1 ok | 957.28 ms -> official | gdacs_alerts.json | 9.04 KB
[changed] volcano_smithsonian 1/1 ok | 173.38 ms -> official | volcano_smithsonian.json | 8.85 KB
[changed] copernicus_ems 1/1 ok | 806.73 ms -> official | copernicus_ems.json | 9.24 KB
[failed] fema_disasters 0/1 ok | 0.0 ms -> official | fema_disasters.json | 0.49 KB
[missing] jma_volcanic.py
[missing] jma_seismic.py
[missing] nws_text_alerts.py
[missing] cma_seismic.py
[missing] gfz_volcanoes.py
[missing] emsc_tsunami.py
[missing] ptwc_tsunami.py
[missing] bom_australia.py
[missing] meteoalarm_europe.py
[missing] icgc_catalan.py
[missing] eccc_canada.py
[missing] gsc_canada.py
[missing] imd_india.py
[missing] bmkg_indonesia.py
[missing] kma_korea.py
[missing] phivolcs_philippines.py
[missing] usgs_conred_guatemala.py
[missing] servgeo_colombia.py
[missing] igp_peru.py
[missing] onemi_chile.py
[missing] segemar_argentina.py
[missing] inmet_brazil.py
[missing] ukmo_metoffice.py
[missing] meteofrance.py
[missing] dwd_germany.py
[missing] arpa_italia.py
[missing] saws_southafrica.py
[missing] usgs_volcano.py
[realtime] summary | changed=23 unchanged=0 degraded=0 failed=5 missing=28 total=56 elapsed=19.09s
[realtime] sleep 30s
[realtime] cycle start | sources=56
[changed] usgs 1/1 ok | 31.88 ms -> realtime | usgs.json | 9.1 KB
[changed] usgs_day 1/1 ok | 70.52 ms -> realtime | usgs_day.json | 9.84 KB
[changed] emsc 1/1 ok | 991.57 ms -> realtime | emsc.json | 10.05 KB
[failed] iris 0/1 ok | 0.0 ms -> realtime | iris.json | 0.48 KB
[changed] geonet_nz 1/1 ok | 224.3 ms -> realtime | geonet_nz.json | 9.73 KB
[changed] geofon 1/1 ok | 963.47 ms -> realtime | geofon.json | 8.83 KB
[changed] raspberryshake 1/1 ok | 1179.47 ms -> realtime | raspberryshake.json | 8.87 KB
[changed] noaabuoys 1/1 ok | 34.74 ms -> realtime | noaabuoys.json | 8.81 KB
[changed] usgs_water 1/1 ok | 187.72 ms -> realtime | usgs_water.json | 9.88 KB
[changed] ioc_sealevel 1/1 ok | 328.76 ms -> realtime | ioc_sealevel.json | 9.23 KB
[changed] goes_xray 1/1 ok | 34.22 ms -> realtime | goes_xray.json | 9.37 KB
[changed] goes_mag 1/1 ok | 91.68 ms -> realtime | goes_mag.json | 9.47 KB
[changed] swpc_kindex 1/1 ok | 32.31 ms -> realtime | swpc_kindex.json | 9.97 KB
[failed] swpc_solarwind 0/1 ok | 0.0 ms -> realtime | swpc_solarwind.json | 0.48 KB
[changed] reversebeaconnetwork 1/1 ok | 438.34 ms -> realtime | reversebeaconnetwork.json | 9.74 KB
[failed] wsprnet 0/1 ok | 0.0 ms -> realtime | wsprnet.json | 0.46 KB
[failed] pskreporter 0/1 ok | 0.0 ms -> realtime | pskreporter.json | 0.46 KB
[changed] aprsfi 1/1 ok | 402.47 ms -> realtime | aprsfi.json | 4.21 KB
[changed] opensky 1/1 ok | 583.83 ms -> realtime | opensky.json | 9.13 KB
[changed] adsbexchange 1/1 ok | 88.99 ms -> realtime | adsbexchange.json | 8.77 KB
[changed] celestrak 1/1 ok | 576.66 ms -> realtime | celestrak.json | 9.58 KB
[failed] satnogs 0/1 ok | 0.0 ms -> realtime | satnogs.json | 0.47 KB
[changed] noaa_alerts 1/1 ok | 162.6 ms -> official | noaa_alerts.json | 9.19 KB
[changed] nhc_advisories 1/1 ok | 31.75 ms -> official | nhc_advisories.json | 0.73 KB
[changed] gdacs_alerts 1/1 ok | 842.09 ms -> official | gdacs_alerts.json | 9.04 KB
[changed] volcano_smithsonian 1/1 ok | 77.6 ms -> official | volcano_smithsonian.json | 8.85 KB
[changed] copernicus_ems 1/1 ok | 658.84 ms -> official | copernicus_ems.json | 9.24 KB
[failed] fema_disasters 0/1 ok | 0.0 ms -> official | fema_disasters.json | 0.49 KB
[missing] jma_volcanic.py
[missing] jma_seismic.py
[missing] nws_text_alerts.py
[missing] cma_seismic.py
[missing] gfz_volcanoes.py
[missing] emsc_tsunami.py
[missing] ptwc_tsunami.py
[missing] bom_australia.py
[missing] meteoalarm_europe.py
[missing] icgc_catalan.py
[missing] eccc_canada.py
[missing] gsc_canada.py
[missing] imd_india.py
[missing] bmkg_indonesia.py
[missing] kma_korea.py
[missing] phivolcs_philippines.py
[missing] usgs_conred_guatemala.py
[missing] servgeo_colombia.py
[missing] igp_peru.py
[missing] onemi_chile.py
[missing] segemar_argentina.py
[missing] inmet_brazil.py
[missing] ukmo_metoffice.py
[missing] meteofrance.py
[missing] dwd_germany.py
[missing] arpa_italia.py
[missing] saws_southafrica.py
[missing] usgs_volcano.py
[realtime] summary | changed=22 unchanged=0 degraded=0 failed=6 missing=28 total=56 elapsed=14.73s
[realtime] sleep 30s
[realtime] cycle start | sources=56
[changed] usgs 1/1 ok | 87.68 ms -> realtime | usgs.json | 9.1 KB
[changed] usgs_day 1/1 ok | 32.15 ms -> realtime | usgs_day.json | 9.84 KB
[changed] emsc 1/1 ok | 982.85 ms -> realtime | emsc.json | 10.05 KB
[failed] iris 0/1 ok | 0.0 ms -> realtime | iris.json | 0.48 KB
[changed] geonet_nz 1/1 ok | 252.63 ms -> realtime | geonet_nz.json | 9.73 KB
[changed] geofon 1/1 ok | 823.89 ms -> realtime | geofon.json | 8.83 KB
[changed] raspberryshake 1/1 ok | 1133.75 ms -> realtime | raspberryshake.json | 8.87 KB
[changed] noaabuoys 1/1 ok | 216.03 ms -> realtime | noaabuoys.json | 8.81 KB
[changed] usgs_water 1/1 ok | 403.12 ms -> realtime | usgs_water.json | 9.88 KB
[changed] ioc_sealevel 1/1 ok | 471.86 ms -> realtime | ioc_sealevel.json | 9.23 KB
[changed] goes_xray 1/1 ok | 190.95 ms -> realtime | goes_xray.json | 9.37 KB
[changed] goes_mag 1/1 ok | 34.69 ms -> realtime | goes_mag.json | 9.47 KB
[changed] swpc_kindex 1/1 ok | 32.02 ms -> realtime | swpc_kindex.json | 9.97 KB
[failed] swpc_solarwind 0/1 ok | 0.0 ms -> realtime | swpc_solarwind.json | 0.48 KB
[changed] reversebeaconnetwork 1/1 ok | 415.39 ms -> realtime | reversebeaconnetwork.json | 9.74 KB
[failed] wsprnet 0/1 ok | 0.0 ms -> realtime | wsprnet.json | 0.46 KB
[failed] pskreporter 0/1 ok | 0.0 ms -> realtime | pskreporter.json | 0.46 KB
[changed] aprsfi 1/1 ok | 447.42 ms -> realtime | aprsfi.json | 4.21 KB
[changed] opensky 1/1 ok | 967.23 ms -> realtime | opensky.json | 9.13 KB
[changed] adsbexchange 1/1 ok | 55.52 ms -> realtime | adsbexchange.json | 8.77 KB
[changed] celestrak 1/1 ok | 423.79 ms -> realtime | celestrak.json | 9.58 KB
[failed] satnogs 0/1 ok | 0.0 ms -> realtime | satnogs.json | 0.46 KB
[changed] noaa_alerts 1/1 ok | 158.18 ms -> official | noaa_alerts.json | 9.18 KB
[changed] nhc_advisories 1/1 ok | 156.8 ms -> official | nhc_advisories.json | 0.73 KB
[changed] gdacs_alerts 1/1 ok | 709.1 ms -> official | gdacs_alerts.json | 9.04 KB
[changed] volcano_smithsonian 1/1 ok | 174.55 ms -> official | volcano_smithsonian.json | 8.85 KB
[changed] copernicus_ems 1/1 ok | 805.73 ms -> official | copernicus_ems.json | 9.24 KB
[failed] fema_disasters 0/1 ok | 0.0 ms -> official | fema_disasters.json | 0.49 KB
[missing] jma_volcanic.py
[missing] jma_seismic.py
[missing] nws_text_alerts.py
[missing] cma_seismic.py
[missing] gfz_volcanoes.py
[missing] emsc_tsunami.py
[missing] ptwc_tsunami.py
[missing] bom_australia.py
[missing] meteoalarm_europe.py
[missing] icgc_catalan.py
[missing] eccc_canada.py
[missing] gsc_canada.py
[missing] imd_india.py
[missing] bmkg_indonesia.py
[missing] kma_korea.py
[missing] phivolcs_philippines.py
[missing] usgs_conred_guatemala.py
[missing] servgeo_colombia.py
[missing] igp_peru.py
[missing] onemi_chile.py
[missing] segemar_argentina.py
[missing] inmet_brazil.py
[missing] ukmo_metoffice.py
[missing] meteofrance.py
[missing] dwd_germany.py
[missing] arpa_italia.py
[missing] saws_southafrica.py
[missing] usgs_volcano.py
[realtime] summary | changed=22 unchanged=0 degraded=0 failed=6 missing=28 total=56 elapsed=15.67s
[realtime] sleep 30s
[realtime] cycle start | sources=56
[changed] usgs 1/1 ok | 43.16 ms -> realtime | usgs.json | 9.83 KB
[changed] usgs_day 1/1 ok | 33.3 ms -> realtime | usgs_day.json | 9.83 KB
[changed] emsc 1/1 ok | 1662.97 ms -> realtime | emsc.json | 10.05 KB
[failed] iris 0/1 ok | 0.0 ms -> realtime | iris.json | 0.48 KB
[changed] geonet_nz 1/1 ok | 225.45 ms -> realtime | geonet_nz.json | 9.73 KB
[changed] geofon 1/1 ok | 748.82 ms -> realtime | geofon.json | 8.83 KB
[changed] raspberryshake 1/1 ok | 1010.68 ms -> realtime | raspberryshake.json | 8.87 KB
[changed] noaabuoys 1/1 ok | 35.46 ms -> realtime | noaabuoys.json | 8.81 KB
[changed] usgs_water 1/1 ok | 167.35 ms -> realtime | usgs_water.json | 9.88 KB
[changed] ioc_sealevel 1/1 ok | 468.45 ms -> realtime | ioc_sealevel.json | 9.23 KB
[changed] goes_xray 1/1 ok | 38.26 ms -> realtime | goes_xray.json | 9.37 KB
[changed] goes_mag 1/1 ok | 36.03 ms -> realtime | goes_mag.json | 9.47 KB
[changed] swpc_kindex 1/1 ok | 33.78 ms -> realtime | swpc_kindex.json | 9.97 KB
[failed] swpc_solarwind 0/1 ok | 0.0 ms -> realtime | swpc_solarwind.json | 0.48 KB
[changed] reversebeaconnetwork 1/1 ok | 419.01 ms -> realtime | reversebeaconnetwork.json | 9.74 KB
[failed] wsprnet 0/1 ok | 0.0 ms -> realtime | wsprnet.json | 0.46 KB
[failed] pskreporter 0/1 ok | 0.0 ms -> realtime | pskreporter.json | 0.46 KB
[changed] aprsfi 1/1 ok | 183.96 ms -> realtime | aprsfi.json | 4.21 KB
[changed] opensky 1/1 ok | 716.12 ms -> realtime | opensky.json | 9.12 KB
[changed] adsbexchange 1/1 ok | 153.45 ms -> realtime | adsbexchange.json | 8.77 KB
[changed] celestrak 1/1 ok | 521.72 ms -> realtime | celestrak.json | 9.58 KB
[changed] satnogs 1/1 ok | 2281.69 ms -> realtime | satnogs.json | 9.65 KB
[changed] noaa_alerts 1/1 ok | 279.59 ms -> official | noaa_alerts.json | 9.21 KB
[changed] nhc_advisories 1/1 ok | 32.84 ms -> official | nhc_advisories.json | 0.73 KB
[changed] gdacs_alerts 1/1 ok | 835.13 ms -> official | gdacs_alerts.json | 9.04 KB
[changed] volcano_smithsonian 1/1 ok | 66.55 ms -> official | volcano_smithsonian.json | 8.85 KB
[changed] copernicus_ems 1/1 ok | 647.94 ms -> official | copernicus_ems.json | 9.24 KB
[failed] fema_disasters 0/1 ok | 0.0 ms -> official | fema_disasters.json | 0.49 KB
[missing] jma_volcanic.py
[missing] jma_seismic.py
[missing] nws_text_alerts.py
[missing] cma_seismic.py
[missing] gfz_volcanoes.py
[missing] emsc_tsunami.py
[missing] ptwc_tsunami.py
[missing] bom_australia.py
[missing] meteoalarm_europe.py
[missing] icgc_catalan.py
[missing] eccc_canada.py
[missing] gsc_canada.py
[missing] imd_india.py
[missing] bmkg_indonesia.py
[missing] kma_korea.py
[missing] phivolcs_philippines.py
[missing] usgs_conred_guatemala.py
[missing] servgeo_colombia.py
[missing] igp_peru.py
[missing] onemi_chile.py
[missing] segemar_argentina.py
[missing] inmet_brazil.py
[missing] ukmo_metoffice.py
[missing] meteofrance.py
[missing] dwd_germany.py
[missing] arpa_italia.py
[missing] saws_southafrica.py
[missing] usgs_volcano.py
[realtime] summary | changed=23 unchanged=0 degraded=0 failed=5 missing=28 total=56 elapsed=14.91s
[realtime] sleep 30s
[realtime] cycle start | sources=56
[changed] usgs 1/1 ok | 144.16 ms -> realtime | usgs.json | 9.83 KB
[changed] usgs_day 1/1 ok | 43.07 ms -> realtime | usgs_day.json | 9.83 KB
[changed] emsc 1/1 ok | 1585.42 ms -> realtime | emsc.json | 10.05 KB
[failed] iris 0/1 ok | 0.0 ms -> realtime | iris.json | 0.48 KB
[changed] geonet_nz 1/1 ok | 246.45 ms -> realtime | geonet_nz.json | 9.73 KB
[changed] geofon 1/1 ok | 859.44 ms -> realtime | geofon.json | 8.83 KB
[changed] raspberryshake 1/1 ok | 1143.81 ms -> realtime | raspberryshake.json | 8.87 KB
[changed] noaabuoys 1/1 ok | 204.34 ms -> realtime | noaabuoys.json | 8.81 KB
[changed] usgs_water 1/1 ok | 375.89 ms -> realtime | usgs_water.json | 9.88 KB
[changed] ioc_sealevel 1/1 ok | 942.33 ms -> realtime | ioc_sealevel.json | 9.23 KB
[changed] goes_xray 1/1 ok | 152.17 ms -> realtime | goes_xray.json | 9.37 KB
[changed] goes_mag 1/1 ok | 128.27 ms -> realtime | goes_mag.json | 9.47 KB
[changed] swpc_kindex 1/1 ok | 43.28 ms -> realtime | swpc_kindex.json | 9.97 KB
[failed] swpc_solarwind 0/1 ok | 0.0 ms -> realtime | swpc_solarwind.json | 0.48 KB
[changed] reversebeaconnetwork 1/1 ok | 424.27 ms -> realtime | reversebeaconnetwork.json | 9.74 KB
[failed] wsprnet 0/1 ok | 0.0 ms -> realtime | wsprnet.json | 0.46 KB
[failed] pskreporter 0/1 ok | 0.0 ms -> realtime | pskreporter.json | 0.46 KB
[changed] aprsfi 1/1 ok | 171.69 ms -> realtime | aprsfi.json | 4.21 KB
[changed] opensky 1/1 ok | 719.8 ms -> realtime | opensky.json | 9.12 KB
[changed] adsbexchange 1/1 ok | 161.87 ms -> realtime | adsbexchange.json | 8.77 KB
[failed] celestrak 0/1 ok | 0.0 ms -> realtime | celestrak.json | 0.48 KB
[failed] satnogs 0/1 ok | 0.0 ms -> realtime | satnogs.json | 0.46 KB
[changed] noaa_alerts 1/1 ok | 172.8 ms -> official | noaa_alerts.json | 9.21 KB
[changed] nhc_advisories 1/1 ok | 136.73 ms -> official | nhc_advisories.json | 0.73 KB
[changed] gdacs_alerts 1/1 ok | 849.31 ms -> official | gdacs_alerts.json | 9.04 KB
[changed] volcano_smithsonian 1/1 ok | 175.75 ms -> official | volcano_smithsonian.json | 8.85 KB
[changed] copernicus_ems 1/1 ok | 631.14 ms -> official | copernicus_ems.json | 9.24 KB
[failed] fema_disasters 0/1 ok | 0.0 ms -> official | fema_disasters.json | 0.49 KB
[missing] jma_volcanic.py
[missing] jma_seismic.py
[missing] nws_text_alerts.py
[missing] cma_seismic.py
[missing] gfz_volcanoes.py
[missing] emsc_tsunami.py
[missing] ptwc_tsunami.py
[missing] bom_australia.py
[missing] meteoalarm_europe.py
[missing] icgc_catalan.py
[missing] eccc_canada.py
[missing] gsc_canada.py
[missing] imd_india.py
[missing] bmkg_indonesia.py
[missing] kma_korea.py
[missing] phivolcs_philippines.py
[missing] usgs_conred_guatemala.py
[missing] servgeo_colombia.py
[missing] igp_peru.py
[missing] onemi_chile.py
[missing] segemar_argentina.py
[missing] inmet_brazil.py
[missing] ukmo_metoffice.py
[missing] meteofrance.py
[missing] dwd_germany.py
[missing] arpa_italia.py
[missing] saws_southafrica.py
[missing] usgs_volcano.py
[realtime] summary | changed=21 unchanged=0 degraded=0 failed=7 missing=28 total=56 elapsed=18.67s
[realtime] sleep 30s
[realtime] cycle start | sources=56
[changed] usgs 1/1 ok | 33.12 ms -> realtime | usgs.json | 9.1 KB
[changed] usgs_day 1/1 ok | 44.77 ms -> realtime | usgs_day.json | 9.84 KB
[changed] emsc 1/1 ok | 1047.68 ms -> realtime | emsc.json | 10.05 KB
[failed] iris 0/1 ok | 0.0 ms -> realtime | iris.json | 0.48 KB
[changed] geonet_nz 1/1 ok | 230.88 ms -> realtime | geonet_nz.json | 9.73 KB
[failed] geofon 0/1 ok | 0.0 ms -> realtime | geofon.json | 0.48 KB
[changed] raspberryshake 1/1 ok | 1172.91 ms -> realtime | raspberryshake.json | 8.87 KB
[changed] noaabuoys 1/1 ok | 37.11 ms -> realtime | noaabuoys.json | 8.81 KB
[changed] usgs_water 1/1 ok | 324.28 ms -> realtime | usgs_water.json | 9.88 KB
[changed] ioc_sealevel 1/1 ok | 350.74 ms -> realtime | ioc_sealevel.json | 9.23 KB
[changed] goes_xray 1/1 ok | 36.3 ms -> realtime | goes_xray.json | 9.37 KB
[changed] goes_mag 1/1 ok | 37.04 ms -> realtime | goes_mag.json | 9.47 KB
[changed] swpc_kindex 1/1 ok | 34.28 ms -> realtime | swpc_kindex.json | 9.97 KB
[failed] swpc_solarwind 0/1 ok | 0.0 ms -> realtime | swpc_solarwind.json | 0.48 KB
[changed] reversebeaconnetwork 1/1 ok | 421.71 ms -> realtime | reversebeaconnetwork.json | 9.74 KB
[failed] wsprnet 0/1 ok | 0.0 ms -> realtime | wsprnet.json | 0.46 KB
[failed] pskreporter 0/1 ok | 0.0 ms -> realtime | pskreporter.json | 0.46 KB
[changed] aprsfi 1/1 ok | 194.49 ms -> realtime | aprsfi.json | 4.21 KB
[changed] opensky 1/1 ok | 583.47 ms -> realtime | opensky.json | 9.12 KB
[changed] adsbexchange 1/1 ok | 89.84 ms -> realtime | adsbexchange.json | 8.77 KB
[changed] celestrak 1/1 ok | 544.89 ms -> realtime | celestrak.json | 9.58 KB
[failed] satnogs 0/1 ok | 0.0 ms -> realtime | satnogs.json | 0.46 KB
[changed] noaa_alerts 1/1 ok | 411.08 ms -> official | noaa_alerts.json | 9.21 KB
[changed] nhc_advisories 1/1 ok | 31.96 ms -> official | nhc_advisories.json | 0.73 KB
[changed] gdacs_alerts 1/1 ok | 713.9 ms -> official | gdacs_alerts.json | 9.04 KB
[changed] volcano_smithsonian 1/1 ok | 61.3 ms -> official | volcano_smithsonian.json | 8.85 KB
[changed] copernicus_ems 1/1 ok | 671.13 ms -> official | copernicus_ems.json | 9.24 KB
[failed] fema_disasters 0/1 ok | 0.0 ms -> official | fema_disasters.json | 0.49 KB
[missing] jma_volcanic.py
[missing] jma_seismic.py
[missing] nws_text_alerts.py
[missing] cma_seismic.py
[missing] gfz_volcanoes.py
[missing] emsc_tsunami.py
[missing] ptwc_tsunami.py
[missing] bom_australia.py
[missing] meteoalarm_europe.py
[missing] icgc_catalan.py
[missing] eccc_canada.py
[missing] gsc_canada.py
[missing] imd_india.py
[missing] bmkg_indonesia.py
[missing] kma_korea.py
[missing] phivolcs_philippines.py
[missing] usgs_conred_guatemala.py
[missing] servgeo_colombia.py
[missing] igp_peru.py
[missing] onemi_chile.py
[missing] segemar_argentina.py
[missing] inmet_brazil.py
[missing] ukmo_metoffice.py
[missing] meteofrance.py
[missing] dwd_germany.py
[missing] arpa_italia.py
[missing] saws_southafrica.py
[missing] usgs_volcano.py
[realtime] summary | changed=21 unchanged=0 degraded=0 failed=7 missing=28 total=56 elapsed=15.89s
[realtime] sleep 30s
[realtime] cycle start | sources=56
[changed] usgs 1/1 ok | 101.97 ms -> realtime | usgs.json | 9.1 KB
[changed] usgs_day 1/1 ok | 34.16 ms -> realtime | usgs_day.json | 9.84 KB
[changed] emsc 1/1 ok | 667.36 ms -> realtime | emsc.json | 10.05 KB
[failed] iris 0/1 ok | 0.0 ms -> realtime | iris.json | 0.48 KB
[changed] geonet_nz 1/1 ok | 250.38 ms -> realtime | geonet_nz.json | 9.73 KB
[changed] geofon 1/1 ok | 751.8 ms -> realtime | geofon.json | 8.83 KB
[changed] raspberryshake 1/1 ok | 1068.3 ms -> realtime | raspberryshake.json | 8.87 KB
[changed] noaabuoys 1/1 ok | 103.56 ms -> realtime | noaabuoys.json | 8.81 KB
[failed] usgs_water 0/1 ok | 0.0 ms -> realtime | usgs_water.json | 0.49 KB
[changed] ioc_sealevel 1/1 ok | 509.12 ms -> realtime | ioc_sealevel.json | 9.23 KB
[changed] goes_xray 1/1 ok | 121.53 ms -> realtime | goes_xray.json | 9.37 KB
[failed] goes_mag 0/1 ok | 0.0 ms -> realtime | goes_mag.json | 0.49 KB
[failed] swpc_kindex 0/1 ok | 0.0 ms -> realtime | swpc_kindex.json | 0.48 KB
[failed] swpc_solarwind 0/1 ok | 0.0 ms -> realtime | swpc_solarwind.json | 0.49 KB
[changed] reversebeaconnetwork 1/1 ok | 417.2 ms -> realtime | reversebeaconnetwork.json | 9.74 KB
[failed] wsprnet 0/1 ok | 0.0 ms -> realtime | wsprnet.json | 0.46 KB
[failed] pskreporter 0/1 ok | 0.0 ms -> realtime | pskreporter.json | 0.46 KB
[changed] aprsfi 1/1 ok | 181.72 ms -> realtime | aprsfi.json | 4.21 KB
[changed] opensky 1/1 ok | 560.31 ms -> realtime | opensky.json | 9.13 KB
[changed] adsbexchange 1/1 ok | 51.81 ms -> realtime | adsbexchange.json | 8.77 KB
[changed] celestrak 1/1 ok | 428.37 ms -> realtime | celestrak.json | 9.58 KB
[changed] satnogs 1/1 ok | 2290.02 ms -> realtime | satnogs.json | 9.65 KB
[changed] noaa_alerts 1/1 ok | 71.49 ms -> official | noaa_alerts.json | 9.19 KB
[changed] nhc_advisories 1/1 ok | 228.07 ms -> official | nhc_advisories.json | 0.73 KB
[changed] gdacs_alerts 1/1 ok | 601.26 ms -> official | gdacs_alerts.json | 9.04 KB
[changed] volcano_smithsonian 1/1 ok | 122.77 ms -> official | volcano_smithsonian.json | 8.85 KB
[changed] copernicus_ems 1/1 ok | 677.23 ms -> official | copernicus_ems.json | 9.24 KB
[failed] fema_disasters 0/1 ok | 0.0 ms -> official | fema_disasters.json | 0.49 KB
[missing] jma_volcanic.py
[missing] jma_seismic.py
[missing] nws_text_alerts.py
[missing] cma_seismic.py
[missing] gfz_volcanoes.py
[missing] emsc_tsunami.py
[missing] ptwc_tsunami.py
[missing] bom_australia.py
[missing] meteoalarm_europe.py
[missing] icgc_catalan.py
[missing] eccc_canada.py
[missing] gsc_canada.py
[missing] imd_india.py
[missing] bmkg_indonesia.py
[missing] kma_korea.py
[missing] phivolcs_philippines.py
[missing] usgs_conred_guatemala.py
[missing] servgeo_colombia.py
[missing] igp_peru.py
[missing] onemi_chile.py
[missing] segemar_argentina.py
[missing] inmet_brazil.py
[missing] ukmo_metoffice.py
[missing] meteofrance.py
[missing] dwd_germany.py
[missing] arpa_italia.py
[missing] saws_southafrica.py
[missing] usgs_volcano.py
[realtime] summary | changed=20 unchanged=0 degraded=0 failed=8 missing=28 total=56 elapsed=23.64s
[realtime] sleep 30s
[realtime] cycle start | sources=56
[changed] usgs 1/1 ok | 33.38 ms -> realtime | usgs.json | 9.1 KB
[changed] usgs_day 1/1 ok | 34.23 ms -> realtime | usgs_day.json | 9.84 KB
[changed] emsc 1/1 ok | 983.54 ms -> realtime | emsc.json | 10.05 KB
[failed] iris 0/1 ok | 0.0 ms -> realtime | iris.json | 0.48 KB
[changed] geonet_nz 1/1 ok | 223.51 ms -> realtime | geonet_nz.json | 9.73 KB
[changed] geofon 1/1 ok | 895.37 ms -> realtime | geofon.json | 8.83 KB
[changed] raspberryshake 1/1 ok | 1187.09 ms -> realtime | raspberryshake.json | 8.87 KB
[changed] noaabuoys 1/1 ok | 34.62 ms -> realtime | noaabuoys.json | 8.81 KB
[changed] usgs_water 1/1 ok | 387.34 ms -> realtime | usgs_water.json | 9.88 KB
[changed] ioc_sealevel 1/1 ok | 739.03 ms -> realtime | ioc_sealevel.json | 9.23 KB
[changed] goes_xray 1/1 ok | 37.29 ms -> realtime | goes_xray.json | 9.37 KB
[changed] goes_mag 1/1 ok | 46.38 ms -> realtime | goes_mag.json | 9.47 KB
[changed] swpc_kindex 1/1 ok | 32.53 ms -> realtime | swpc_kindex.json | 9.97 KB
[failed] swpc_solarwind 0/1 ok | 0.0 ms -> realtime | swpc_solarwind.json | 0.48 KB
[changed] reversebeaconnetwork 1/1 ok | 526.09 ms -> realtime | reversebeaconnetwork.json | 9.74 KB
[failed] wsprnet 0/1 ok | 0.0 ms -> realtime | wsprnet.json | 0.46 KB
[failed] pskreporter 0/1 ok | 0.0 ms -> realtime | pskreporter.json | 0.46 KB
[changed] aprsfi 1/1 ok | 249.55 ms -> realtime | aprsfi.json | 4.21 KB
[changed] opensky 1/1 ok | 712.88 ms -> realtime | opensky.json | 9.12 KB
[changed] adsbexchange 1/1 ok | 168.13 ms -> realtime | adsbexchange.json | 8.77 KB
[changed] celestrak 1/1 ok | 520.56 ms -> realtime | celestrak.json | 9.58 KB
[failed] satnogs 0/1 ok | 0.0 ms -> realtime | satnogs.json | 0.47 KB
[changed] noaa_alerts 1/1 ok | 442.49 ms -> official | noaa_alerts.json | 9.19 KB
[changed] nhc_advisories 1/1 ok | 31.99 ms -> official | nhc_advisories.json | 0.73 KB
[changed] gdacs_alerts 1/1 ok | 992.05 ms -> official | gdacs_alerts.json | 9.04 KB
[changed] volcano_smithsonian 1/1 ok | 72.59 ms -> official | volcano_smithsonian.json | 8.85 KB
[changed] copernicus_ems 1/1 ok | 652.54 ms -> official | copernicus_ems.json | 9.24 KB
[failed] fema_disasters 0/1 ok | 0.0 ms -> official | fema_disasters.json | 0.49 KB
[missing] jma_volcanic.py
[missing] jma_seismic.py
[missing] nws_text_alerts.py
[missing] cma_seismic.py
[missing] gfz_volcanoes.py
[missing] emsc_tsunami.py
[missing] ptwc_tsunami.py
[missing] bom_australia.py
[missing] meteoalarm_europe.py
[missing] icgc_catalan.py
[missing] eccc_canada.py
[missing] gsc_canada.py
[missing] imd_india.py
[missing] bmkg_indonesia.py
[missing] kma_korea.py
[missing] phivolcs_philippines.py
[missing] usgs_conred_guatemala.py
[missing] servgeo_colombia.py
[missing] igp_peru.py
[missing] onemi_chile.py
[missing] segemar_argentina.py
[missing] inmet_brazil.py
[missing] ukmo_metoffice.py
[missing] meteofrance.py
[missing] dwd_germany.py
[missing] arpa_italia.py
[missing] saws_southafrica.py
[missing] usgs_volcano.py
[realtime] summary | changed=22 unchanged=0 degraded=0 failed=6 missing=28 total=56 elapsed=13.93s
[realtime] sleep 30s
[realtime] cycle start | sources=56
[changed] usgs 1/1 ok | 422.85 ms -> realtime | usgs.json | 8.29 KB
[changed] usgs_day 1/1 ok | 480.45 ms -> realtime | usgs_day.json | 9.84 KB
[changed] emsc 1/1 ok | 1236.96 ms -> realtime | emsc.json | 10.05 KB
[failed] iris 0/1 ok | 0.0 ms -> realtime | iris.json | 0.48 KB
[changed] geonet_nz 1/1 ok | 401.17 ms -> realtime | geonet_nz.json | 9.73 KB
[changed] geofon 1/1 ok | 762.58 ms -> realtime | geofon.json | 8.83 KB
[changed] raspberryshake 1/1 ok | 1398.27 ms -> realtime | raspberryshake.json | 8.87 KB
[changed] noaabuoys 1/1 ok | 164.52 ms -> realtime | noaabuoys.json | 8.81 KB
[changed] usgs_water 1/1 ok | 208.18 ms -> realtime | usgs_water.json | 9.88 KB
[changed] ioc_sealevel 1/1 ok | 598.12 ms -> realtime | ioc_sealevel.json | 9.23 KB
[changed] goes_xray 1/1 ok | 136.63 ms -> realtime | goes_xray.json | 9.37 KB
[changed] goes_mag 1/1 ok | 48.95 ms -> realtime | goes_mag.json | 9.47 KB
[changed] swpc_kindex 1/1 ok | 34.24 ms -> realtime | swpc_kindex.json | 9.97 KB
[failed] swpc_solarwind 0/1 ok | 0.0 ms -> realtime | swpc_solarwind.json | 0.48 KB
[changed] reversebeaconnetwork 1/1 ok | 420.04 ms -> realtime | reversebeaconnetwork.json | 9.74 KB
[failed] wsprnet 0/1 ok | 0.0 ms -> realtime | wsprnet.json | 0.46 KB
[failed] pskreporter 0/1 ok | 0.0 ms -> realtime | pskreporter.json | 0.46 KB
[changed] aprsfi 1/1 ok | 180.63 ms -> realtime | aprsfi.json | 4.21 KB
[changed] opensky 1/1 ok | 574.68 ms -> realtime | opensky.json | 9.12 KB
[changed] adsbexchange 1/1 ok | 97.99 ms -> realtime | adsbexchange.json | 8.77 KB
[changed] celestrak 1/1 ok | 388.75 ms -> realtime | celestrak.json | 9.58 KB
[failed] satnogs 0/1 ok | 0.0 ms -> realtime | satnogs.json | 0.46 KB
[changed] noaa_alerts 1/1 ok | 174.19 ms -> official | noaa_alerts.json | 9.17 KB
[changed] nhc_advisories 1/1 ok | 183.06 ms -> official | nhc_advisories.json | 0.73 KB
[changed] gdacs_alerts 1/1 ok | 940.89 ms -> official | gdacs_alerts.json | 9.04 KB
[changed] volcano_smithsonian 1/1 ok | 168.53 ms -> official | volcano_smithsonian.json | 8.85 KB
[changed] copernicus_ems 1/1 ok | 681.68 ms -> official | copernicus_ems.json | 9.24 KB
[failed] fema_disasters 0/1 ok | 0.0 ms -> official | fema_disasters.json | 0.49 KB
[missing] jma_volcanic.py
[missing] jma_seismic.py
[missing] nws_text_alerts.py
[missing] cma_seismic.py
[missing] gfz_volcanoes.py
[missing] emsc_tsunami.py
[missing] ptwc_tsunami.py
[missing] bom_australia.py
[missing] meteoalarm_europe.py
[missing] icgc_catalan.py
[missing] eccc_canada.py
[missing] gsc_canada.py
[missing] imd_india.py
[missing] bmkg_indonesia.py
[missing] kma_korea.py
[missing] phivolcs_philippines.py
[missing] usgs_conred_guatemala.py
[missing] servgeo_colombia.py
[missing] igp_peru.py
[missing] onemi_chile.py
[missing] segemar_argentina.py
[missing] inmet_brazil.py
[missing] ukmo_metoffice.py
[missing] meteofrance.py
[missing] dwd_germany.py
[missing] arpa_italia.py
[missing] saws_southafrica.py
[missing] usgs_volcano.py
[realtime] summary | changed=22 unchanged=0 degraded=0 failed=6 missing=28 total=56 elapsed=16.39s
[realtime] sleep 30s
[realtime] cycle start | sources=56
[changed] usgs 1/1 ok | 360.83 ms -> realtime | usgs.json | 8.29 KB
[changed] usgs_day 1/1 ok | 474.7 ms -> realtime | usgs_day.json | 9.84 KB
[changed] emsc 1/1 ok | 1403.4 ms -> realtime | emsc.json | 10.05 KB
[failed] iris 0/1 ok | 0.0 ms -> realtime | iris.json | 0.48 KB
[changed] geonet_nz 1/1 ok | 224.05 ms -> realtime | geonet_nz.json | 9.73 KB
[changed] geofon 1/1 ok | 1779.43 ms -> realtime | geofon.json | 8.83 KB
[changed] raspberryshake 1/1 ok | 1139.62 ms -> realtime | raspberryshake.json | 8.87 KB
[changed] noaabuoys 1/1 ok | 34.72 ms -> realtime | noaabuoys.json | 8.81 KB
[changed] usgs_water 1/1 ok | 151.42 ms -> realtime | usgs_water.json | 9.88 KB
[changed] ioc_sealevel 1/1 ok | 682.84 ms -> realtime | ioc_sealevel.json | 9.23 KB
[changed] goes_xray 1/1 ok | 37.42 ms -> realtime | goes_xray.json | 9.37 KB
[changed] goes_mag 1/1 ok | 34.65 ms -> realtime | goes_mag.json | 9.47 KB
[changed] swpc_kindex 1/1 ok | 33.22 ms -> realtime | swpc_kindex.json | 9.97 KB
[failed] swpc_solarwind 0/1 ok | 0.0 ms -> realtime | swpc_solarwind.json | 0.48 KB
[changed] reversebeaconnetwork 1/1 ok | 393.98 ms -> realtime | reversebeaconnetwork.json | 9.74 KB
[failed] wsprnet 0/1 ok | 0.0 ms -> realtime | wsprnet.json | 0.46 KB
[failed] pskreporter 0/1 ok | 0.0 ms -> realtime | pskreporter.json | 0.46 KB
[changed] aprsfi 1/1 ok | 409.0 ms -> realtime | aprsfi.json | 4.21 KB
[changed] opensky 1/1 ok | 574.47 ms -> realtime | opensky.json | 9.12 KB
[changed] adsbexchange 1/1 ok | 57.09 ms -> realtime | adsbexchange.json | 8.77 KB
[changed] celestrak 1/1 ok | 534.47 ms -> realtime | celestrak.json | 9.58 KB
[failed] satnogs 0/1 ok | 0.0 ms -> realtime | satnogs.json | 0.46 KB
[changed] noaa_alerts 1/1 ok | 672.64 ms -> official | noaa_alerts.json | 9.26 KB
[changed] nhc_advisories 1/1 ok | 32.91 ms -> official | nhc_advisories.json | 0.73 KB
[changed] gdacs_alerts 1/1 ok | 944.7 ms -> official | gdacs_alerts.json | 9.04 KB
[changed] volcano_smithsonian 1/1 ok | 73.68 ms -> official | volcano_smithsonian.json | 8.85 KB
[changed] copernicus_ems 1/1 ok | 608.39 ms -> official | copernicus_ems.json | 9.24 KB
[failed] fema_disasters 0/1 ok | 0.0 ms -> official | fema_disasters.json | 0.49 KB
[missing] jma_volcanic.py
[missing] jma_seismic.py
[missing] nws_text_alerts.py
[missing] cma_seismic.py
[missing] gfz_volcanoes.py
[missing] emsc_tsunami.py
[missing] ptwc_tsunami.py
[missing] bom_australia.py
[missing] meteoalarm_europe.py
[missing] icgc_catalan.py
[missing] eccc_canada.py
[missing] gsc_canada.py
[missing] imd_india.py
[missing] bmkg_indonesia.py
[missing] kma_korea.py
[missing] phivolcs_philippines.py
[missing] usgs_conred_guatemala.py
[missing] servgeo_colombia.py
[missing] igp_peru.py
[missing] onemi_chile.py
[missing] segemar_argentina.py
[missing] inmet_brazil.py
[missing] ukmo_metoffice.py
[missing] meteofrance.py
[missing] dwd_germany.py
[missing] arpa_italia.py
[missing] saws_southafrica.py
[missing] usgs_volcano.py
[realtime] summary | changed=22 unchanged=0 degraded=0 failed=6 missing=28 total=56 elapsed=17.22s
[realtime] sleep 30s
[realtime] cycle start | sources=56
[changed] usgs 1/1 ok | 93.34 ms -> realtime | usgs.json | 8.29 KB
[changed] usgs_day 1/1 ok | 66.8 ms -> realtime | usgs_day.json | 9.84 KB
[changed] emsc 1/1 ok | 655.31 ms -> realtime | emsc.json | 10.05 KB
[failed] iris 0/1 ok | 0.0 ms -> realtime | iris.json | 0.48 KB
[changed] geonet_nz 1/1 ok | 249.88 ms -> realtime | geonet_nz.json | 9.73 KB
[changed] geofon 1/1 ok | 827.26 ms -> realtime | geofon.json | 8.83 KB
[changed] raspberryshake 1/1 ok | 1111.98 ms -> realtime | raspberryshake.json | 8.87 KB
[changed] noaabuoys 1/1 ok | 231.24 ms -> realtime | noaabuoys.json | 8.81 KB
[changed] usgs_water 1/1 ok | 231.33 ms -> realtime | usgs_water.json | 9.88 KB
[changed] ioc_sealevel 1/1 ok | 228.17 ms -> realtime | ioc_sealevel.json | 9.23 KB
[changed] goes_xray 1/1 ok | 153.11 ms -> realtime | goes_xray.json | 9.37 KB
[changed] goes_mag 1/1 ok | 34.62 ms -> realtime | goes_mag.json | 9.47 KB
[changed] swpc_kindex 1/1 ok | 32.12 ms -> realtime | swpc_kindex.json | 9.97 KB
[failed] swpc_solarwind 0/1 ok | 0.0 ms -> realtime | swpc_solarwind.json | 0.48 KB
[changed] reversebeaconnetwork 1/1 ok | 436.37 ms -> realtime | reversebeaconnetwork.json | 9.74 KB
[failed] wsprnet 0/1 ok | 0.0 ms -> realtime | wsprnet.json | 0.46 KB
[failed] pskreporter 0/1 ok | 0.0 ms -> realtime | pskreporter.json | 0.46 KB
[changed] aprsfi 1/1 ok | 175.72 ms -> realtime | aprsfi.json | 4.21 KB
[changed] opensky 1/1 ok | 559.87 ms -> realtime | opensky.json | 9.13 KB
[changed] adsbexchange 1/1 ok | 146.56 ms -> realtime | adsbexchange.json | 8.77 KB